[2026-09-20T06:53:28.366992] MAX TEMP EXCEEDED: 82.34°C (Threshold: 80.0°C)
[2026-09-20T06:53:38.364370] MAX TEMP EXCEEDED: 81.26°C (Threshold: 80.0°C)
[2026-09-20T06:53:38.364621] MAX VIBRATION EXCEED 0.56 (THRESHOLD: 0.5)
[2026-09-20T06:53:40.369225] MAX VIBRATION EXCEED 0.51 (THRESHOLD: 0.5)
[2026-09-20T06:53:42.369928] MAX VOLTAGE EXCEED: 12.97v (Threshold: 12.8v)
[2026-09-20T06:53:44.366218] MAX VIBRATION EXCEED 0.57 (THRESHOLD: 0.5)
[2026-09-26T05:52:30.715590] MAX OPTICAL LOSS EXCEEDED: 3.1 (THRESHOLD: 3.0)
[2026-09-26T05:52:34.714795] MAX OPTICAL LOSS EXCEEDED: 3.05 (THRESHOLD: 3.0)
[2026-09-26T06:07:10.531574] MAX VOLTAGE EXCEED: 12.88v (Threshold: 12.8v)
[2026-09-26T06:32:02.649121] MAX TEMP EXCEEDED: 95.0°C (Threshold: 80.0°C)
[2026-09-26T06:35:27.512656] MAX TEMP EXCEEDED: 95.0°C (Threshold: 80.0°C)
[2026-09-26T06:38:19.455071] MAX TEMP EXCEEDED: 95.0°C (Threshold: 80.0°C)
[2026-09-26T06:38:19.455970] MAX VOLTAGE EXCEED: 15.0v (Threshold: 12.8v)
[2026-09-26T06:39:31.011273] MAX TEMP EXCEEDED: 95.0°C (Threshold: 80.0°C)
[2026-09-26T06:39:31.012277] MAX VOLTAGE EXCEEDED: 15.0v (Threshold: 12.8v)
[2026-09-26T06:42:09.663655] MAX TEMP EXCEEDED: 95.0°C (Threshold: 80.0°C)
[2026-09-26T06:42:09.664546] MAX VOLTAGE EXCEEDED: 15.0v (Threshold: 12.8v)
[2026-09-26T06:42:09.665475] MAX VOLTAGE EXCEEDED: 15.0v (Threshold: 12.8v)
[2026-09-26T06:43:10.153482] MAX TEMP EXCEEDED: 95.0°C (Threshold: 80.0°C)
[2026-09-26T06:43:10.154148] MAX VOLTAGE EXCEEDED: 15.0v (Threshold: 12.8v)
[2026-09-26T06:43:10.154769] MAX VOLTAGE EXCEEDED: 15.0v (Threshold: 12.8v)
[2026-09-26T06:44:46.421634] MAX TEMP EXCEEDED: 95.0°C (Threshold: 80.0°C)
[2026-09-26T06:44:46.422620] MAX VOLTAGE EXCEEDED: 15.0v (Threshold: 12.8v)
[2026-09-26T06:45:21.642089] MAX TEMP EXCEEDED: 95.0°C (Threshold: 80.0°C)
[2026-09-26T06:45:21.643013] MAX VOLTAGE EXCEEDED: 15.0v (Threshold: 12.8v)
[2026-09-26T06:45:32.653552] MAX TEMP EXCEEDED: 95.0°C (Threshold: 80.0°C)
[2026-09-26T06:45:32.654411] MAX VOLTAGE EXCEEDED: 15.0v (Threshold: 12.8v)
[2026-09-26T06:45:54.056346] MAX TEMP EXCEEDED: 95.0°C (Threshold: 80.0°C)
[2026-09-26T06:45:54.057048] MAX VOLTAGE EXCEEDED: 15.0v (Threshold: 12.8v)
[2026-09-26T06:47:03.636152] MAX TEMP EXCEEDED: 95.0°C (Threshold: 80.0°C)
[2026-09-26T06:47:03.637293] MAX VOLTAGE EXCEEDED: 15.0v (Threshold: 12.8v)
[2026-09-26T06:47:03.638070] MAX OPTICAL LOSS EXCEEDED: 3.1 (THRESHOLD: 3.0)
[2026-09-26T06:49:57.621802] MAX TEMP EXCEEDED: 95.0°C (Threshold: 80.0°C)
[2026-09-26T06:49:57.622518] MAX VOLTAGE EXCEEDED: 15.0v (Threshold: 12.8v)
[2026-09-26T06:49:57.623255] MAX OPTICAL LOSS EXCEEDED: 3.1 (THRESHOLD: 3.0)
[2026-09-26T06:49:57.623850] MAX VIBRATION EXCEEDED 0.6 (THRESHOLD: 0.5)
